2022-02-06 15:32:53.310039 Sensor salon - Disconnected
2022-02-06 15:33:11.903397 Sensor salon - Temperature 19.92 degree
2022-02-06 15:33:12.573706 Data sent to server
2022-02-06 15:35:11.184451 Sensor salon - Temperature 19.96 degree
2022-02-06 15:35:11.759169 Data sent to server
2022-02-06 16:30:12.910989 Sensor salon - Temperature 19.96 degree
2022-02-06 16:30:13.743000 Data sent to server
2022-02-06 18:00:14.293070 Sensor salon - Temperature 19.88 degree
2022-02-06 18:00:15.067800 Data sent to server
2022-02-06 18:30:08.870062 Sensor salon - Temperature 20.17 degree
2022-02-06 18:30:14.354321 Data sent to server
2022-02-06 19:00:09.181737 Sensor salon - Temperature 20.27 degree
2022-02-06 19:27:31.934923 Sensor salon - Temperature 20.36 degree
2022-02-06 19:28:11.677998 Sensor salon - Temperature 20.36 degree
2022-02-06 19:28:11.725150 Data sent to server
2022-02-06 19:30:10.929844 Sensor salon - Temperature 20.39 degree
2022-02-06 19:30:10.983001 Error sending data to server
2022-02-06 20:00:13.822163 Sensor salon - Temperature 20.59 degree
2022-02-06 20:00:13.862986 Data sent to server
2022-02-06 20:30:10.941334 Sensor salon - Temperature 20.65 degree
2022-02-06 20:30:11.020393 Error sending data to server
2022-02-06 20:31:30.401532 Sensor salon - Temperature 20.63 degree
2022-02-06 20:31:30.471500 Error sending data to server
2022-02-06 20:34:12.723887 Sensor salon - Disconnected
2022-02-06 20:34:32.957098 Sensor salon - Temperature 20.61 degree
2022-02-06 20:34:33.011904 Error sending data to server
2022-02-06 21:00:11.268459 Sensor salon - Temperature 20.51 degree
2022-02-06 21:00:11.305704 Error sending data to server
